# 硬盘管理

> 有关磁盘的操作大多需要 root 权限。

lsblk 查看磁盘挂载情况

```
$ lsbik
->
NAME                      MAJ:MIN RM   SIZE RO TYPE MOUNTPOINT
loop0                       7:0    0  55.4M  1 loop /snap/core18/2128
loop1                       7:1    0  70.3M  1 loop /snap/lxd/21029
loop2                       7:2    0  32.3M  1 loop /snap/snapd/12704
sda                         8:0    0 223.6G  0 disk 
├─sda1                      8:1    0   512M  0 part /boot/efi
├─sda2                      8:2    0     1G  0 part /boot
└─sda3                      8:3    0 222.1G  0 part 
  └─ubuntu--vg-ubuntu--lv 253:0    0   111G  0 lvm  /
sr0                        11:0    1  1024M  0 rom 
```

## 新硬盘挂载

现在我插入一块 2T 机械硬盘，提前分好区，格式化 ext4 格式。

```shell
$ lsblk # 查看机械硬盘信息
->
NAME                      MAJ:MIN RM  SIZE RO TYPE MOUNTPOINT
loop0                       7:0    0 55.4M  1 loop /snap/core18/2128
loop1                       7:1    0 70.3M  1 loop /snap/lxd/21029
loop2                       7:2    0 32.3M  1 loop /snap/snapd/12704
sda                         8:0    0 59.6G  0 disk 
├─sda1                      8:1    0    1M  0 part 
├─sda2                      8:2    0    1G  0 part /boot
└─sda3                      8:3    0 58.6G  0 part 
  └─ubuntu--vg-ubuntu--lv 253:0    0 29.3G  0 lvm  /
sdb                         8:16   0  1.8T  0 disk 
└─sdb1                      8:17   0  1.8T  0 part 
$ fdik -l # 查看磁盘和分区的具体位置
->
Disk /dev/loop0: 55.45 MiB, 58130432 bytes, 113536 sectors
Units: sectors of 1 * 512 = 512 bytes
Sector size (logical/physical): 512 bytes / 512 bytes
I/O size (minimum/optimal): 512 bytes / 512 bytes


Disk /dev/loop1: 70.32 MiB, 73728000 bytes, 144000 sectors
Units: sectors of 1 * 512 = 512 bytes
Sector size (logical/physical): 512 bytes / 512 bytes
I/O size (minimum/optimal): 512 bytes / 512 bytes


Disk /dev/loop2: 32.3 MiB, 33865728 bytes, 66144 sectors
Units: sectors of 1 * 512 = 512 bytes
Sector size (logical/physical): 512 bytes / 512 bytes
I/O size (minimum/optimal): 512 bytes / 512 bytes


Disk /dev/sda: 59.64 GiB, 64023257088 bytes, 125045424 sectors
Disk model: Vaseky V850/64G 
Units: sectors of 1 * 512 = 512 bytes
Sector size (logical/physical): 512 bytes / 512 bytes
I/O size (minimum/optimal): 512 bytes / 512 bytes
Disklabel type: gpt
Disk identifier: 7F69D0E0-9C2A-4FBC-8071-224C44278110

Device       Start       End   Sectors  Size Type
/dev/sda1     2048      4095      2048    1M BIOS boot
/dev/sda2     4096   2101247   2097152    1G Linux filesystem
/dev/sda3  2101248 125042687 122941440 58.6G Linux filesystem


Disk /dev/mapper/ubuntu--vg-ubuntu--lv: 29.32 GiB, 31474057216 bytes, 61472768 sectors
Units: sectors of 1 * 512 = 512 bytes
Sector size (logical/physical): 512 bytes / 512 bytes
I/O size (minimum/optimal): 512 bytes / 512 bytes


Disk /dev/sdb: 1.84 TiB, 2000398934016 bytes, 3907029168 sectors
Disk model: MQ04ABD200      
Units: sectors of 1 * 512 = 512 bytes
Sector size (logical/physical): 512 bytes / 4096 bytes
I/O size (minimum/optimal): 4096 bytes / 4096 bytes
Disklabel type: gpt
Disk identifier: F1AECA87-6E34-4548-A16E-658945F6ABF4

Device     Start        End    Sectors  Size Type
/dev/sdb1   2048 3907024063 3907022016  1.8T Microsoft basic data
```

查到 sdb1 在 /dev/sdb1 现在就将这个分区挂载到 /disk_move

```shell
$ sudo mount /dev/sdb1 /disk_move/ # 这是一种临时挂载，关机启动后磁盘需要重新挂载。
```

想要永久挂载就需配置 /ext/fstab 文件

```shell
$ sudo vim /etc/fstab # 在文件末尾添加下面的内容，就可以实现开机自动硬盘。
->
/dev/sdb1       /disk_move     ext4    defaults    0   0
```

- 第一列：实际的分区名，也可以是实际的分区的卷标；

- 第二列：挂载点，最好文件夹已存在并且权限为 777；

- 第三列：此分区文件系统类型；

- 第四列：挂载的选项，用于设置挂载的参数。

```shell
    + auto 系统自动挂载，默认选项；
    + defaults  rw,suid,dev,exec,auto,nouser,ansyc;
    + noauto   开机不自动挂载；
    + nouser    只有超级用户可以挂载；
    + ro    按照只读权限挂载；
    + rw    按照可读可写权限挂载；
    + user    任何用户都可以挂载。
```

- 第五列：dump备份设置

- - 1 允许 dump 备份程序备份；

- - 0 忽略备份操作；

- 第六列：fsck 磁盘检查设置

- - 0 永不检查

- - 目录永远为 1

- - 其他分区从 2 开始，数字越小越先检查。

可以输入命令 df -h 查看是否挂载成功